// Jest Snapshot v1, https://goo.gl/fbAQLP

exports[`Should render Header component correctly 1`] = `
<header>
  <h1>
     Expensify App 
  </h1>
  <NavLink
    activeClassName="is-active"
    aria-current="page"
    exact={true}
    to="/"
  >
     Dashboard 
  </NavLink>
  <NavLink
    activeClassName="is-active"
    aria-current="page"
    to="/create"
  >
     Create Expense 
  </NavLink>
  <NavLink
    activeClassName="is-active"
    aria-current="page"
    to="/help"
  >
     Help 
  </NavLink>
</header>
`;
