// Jest Snapshot v1, https://goo.gl/fbAQLP

exports[`should render the NotFoundPage component correctly 1`] = `
<div>
  This is from 404 page --- 
  <Link
    replace={false}
    to="/"
  >
     Go Home 
  </Link>
</div>
`;
